I'm sorry, but errors were detected in your script. Please correct the
errors listed below, and try again.


File "game/script.rpy", line 97: expected end of line
    stop music "audio/toqueTelefone.ogg"
               ^

Ren'Py Version: Ren'Py 8.0.3.22090809
Tue Nov 22 21:36:04 2022
